Jan 17 18:37:15 756087-cp55410 sshd[15725]: Did not receive identification string from 157.245.116.26 port 37696
Jan 17 18:37:47 756087-cp55410 sshd[15747]: Invalid user user from 157.245.116.26 port 36700
Jan 17 18:37:47 756087-cp55410 sshd[15747]: pam_unix(sshd:auth): check pass; user unknown
Jan 17 18:37:47 756087-cp55410 sshd[15747]: pam_unix(sshd:auth): authentication failure; logname= uid=0 euid=0 tty=ssh ruser= rhost=157.245.116.26
Jan 17 18:37:49 756087-cp55410 sshd[15747]: Failed password for invalid user user from 157.245.116.26 port 36700 ssh2
Jan 17 18:37:49 756087-cp55410 sshd[15747]: Connection closed by invalid user user 157.245.116.26 port 36700 [preauth]
Jan 17 18:39:01 756087-cp55410 CRON[15827]: pam_unix(cron:session): session opened for user root by (uid=0)
Jan 17 18:39:01 756087-cp55410 CRON[15827]: pam_unix(cron:session): session closed for user root
Jan 17 19:03:24 756087-cp55410 sshd[17015]: Did not receive identification string from 141.98.10.63 port 53700
Jan 17 19:03:44 756087-cp55410 sshd[17033]: Invalid user user from 141.98.10.63 port 37064
Jan 17 19:03:44 756087-cp55410 sshd[17033]: pam_unix(sshd:auth): check pass; user unknown
Jan 17 19:03:44 756087-cp55410 sshd[17033]: pam_unix(sshd:auth): authentication failure; logname= uid=0 euid=0 tty=ssh ruser= rhost=141.98.10.63
Jan 17 19:03:46 756087-cp55410 sshd[17033]: Failed password for invalid user user from 141.98.10.63 port 37064 ssh2
Jan 17 19:03:46 756087-cp55410 sshd[17033]: Received disconnect from 141.98.10.63 port 37064:11: Normal Shutdown, Thank you for playing [preauth]
Jan 17 19:03:46 756087-cp55410 sshd[17033]: Disconnected from invalid user user 141.98.10.63 port 37064 [preauth]
Jan 17 19:09:01 756087-cp55410 CRON[17280]: pam_unix(cron:session): session opened for user root by (uid=0)
Jan 17 19:09:01 756087-cp55410 CRON[17280]: pam_unix(cron:session): session closed for user root
Jan 17 19:12:48 756087-cp55410 sshd[17474]: pam_unix(sshd:auth): authentication failure; logname= uid=0 euid=0 tty=ssh ruser= rhost=45.61.186.217  user=root
Jan 17 19:12:49 756087-cp55410 sshd[17474]: Failed password for root from 45.61.186.217 port 50876 ssh2
Jan 17 19:12:57 756087-cp55410 sshd[17474]: message repeated 4 times: [ Failed password for root from 45.61.186.217 port 50876 ssh2]
Jan 17 19:12:58 756087-cp55410 sshd[17474]: Connection reset by authenticating user root 45.61.186.217 port 50876 [preauth]
Jan 17 19:12:58 756087-cp55410 sshd[17474]: PAM 4 more authentication failures; logname= uid=0 euid=0 tty=ssh ruser= rhost=45.61.186.217  user=root
Jan 17 19:12:58 756087-cp55410 sshd[17474]: PAM service(sshd) ignoring max retries; 5 > 3
Jan 17 19:12:59 756087-cp55410 sshd[17477]: pam_unix(sshd:auth): authentication failure; logname= uid=0 euid=0 tty=ssh ruser= rhost=45.61.186.217  user=root
Jan 17 19:13:01 756087-cp55410 sshd[17477]: Failed password for root from 45.61.186.217 port 53156 ssh2
Jan 17 19:13:09 756087-cp55410 sshd[17477]: message repeated 4 times: [ Failed password for root from 45.61.186.217 port 53156 ssh2]
Jan 17 19:13:10 756087-cp55410 sshd[17477]: Connection reset by authenticating user root 45.61.186.217 port 53156 [preauth]
Jan 17 19:13:10 756087-cp55410 sshd[17477]: PAM 4 more authentication failures; logname= uid=0 euid=0 tty=ssh ruser= rhost=45.61.186.217  user=root
Jan 17 19:13:10 756087-cp55410 sshd[17477]: PAM service(sshd) ignoring max retries; 5 > 3
Jan 17 19:13:10 756087-cp55410 sshd[17490]: pam_unix(sshd:auth): authentication failure; logname= uid=0 euid=0 tty=ssh ruser= rhost=45.61.186.217  user=root
Jan 17 19:13:13 756087-cp55410 sshd[17490]: Failed password for root from 45.61.186.217 port 55648 ssh2
Jan 17 19:13:22 756087-cp55410 sshd[17490]: message repeated 4 times: [ Failed password for root from 45.61.186.217 port 55648 ssh2]
Jan 17 19:13:22 756087-cp55410 sshd[17490]: Connection reset by authenticating user root 45.61.186.217 port 55648 [preauth]
Jan 17 19:13:22 756087-cp55410 sshd[17490]: PAM 4 more authentication failures; logname= uid=0 euid=0 tty=ssh ruser= rhost=45.61.186.217  user=root
Jan 17 19:13:22 756087-cp55410 sshd[17490]: PAM service(sshd) ignoring max retries; 5 > 3
Jan 17 19:13:23 756087-cp55410 sshd[17501]: pam_unix(sshd:auth): authentication failure; logname= uid=0 euid=0 tty=ssh ruser= rhost=45.61.186.217  user=root
Jan 17 19:13:25 756087-cp55410 sshd[17501]: Failed password for root from 45.61.186.217 port 58339 ssh2
Jan 17 19:13:34 756087-cp55410 sshd[17501]: message repeated 4 times: [ Failed password for root from 45.61.186.217 port 58339 ssh2]
Jan 17 19:13:34 756087-cp55410 sshd[17501]: Connection reset by authenticating user root 45.61.186.217 port 58339 [preauth]
Jan 17 19:13:34 756087-cp55410 sshd[17501]: PAM 4 more authentication failures; logname= uid=0 euid=0 tty=ssh ruser= rhost=45.61.186.217  user=root
Jan 17 19:13:34 756087-cp55410 sshd[17501]: PAM service(sshd) ignoring max retries; 5 > 3
Jan 17 19:13:35 756087-cp55410 sshd[17515]: pam_unix(sshd:auth): authentication failure; logname= uid=0 euid=0 tty=ssh ruser= rhost=45.61.186.217  user=root
Jan 17 19:13:37 756087-cp55410 sshd[17515]: Failed password for root from 45.61.186.217 port 60835 ssh2
Jan 17 19:13:46 756087-cp55410 sshd[17515]: message repeated 4 times: [ Failed password for root from 45.61.186.217 port 60835 ssh2]
Jan 17 19:13:46 756087-cp55410 sshd[17515]: Connection reset by authenticating user root 45.61.186.217 port 60835 [preauth]
Jan 17 19:13:46 756087-cp55410 sshd[17515]: PAM 4 more authentication failures; logname= uid=0 euid=0 tty=ssh ruser= rhost=45.61.186.217  user=root
Jan 17 19:13:46 756087-cp55410 sshd[17515]: PAM service(sshd) ignoring max retries; 5 > 3
Jan 17 19:13:47 756087-cp55410 sshd[17527]: pam_unix(sshd:auth): authentication failure; logname= uid=0 euid=0 tty=ssh ruser= rhost=45.61.186.217  user=root
Jan 17 19:13:50 756087-cp55410 sshd[17527]: Failed password for root from 45.61.186.217 port 63467 ssh2
Jan 17 19:13:58 756087-cp55410 sshd[17527]: message repeated 4 times: [ Failed password for root from 45.61.186.217 port 63467 ssh2]
Jan 17 19:13:59 756087-cp55410 sshd[17527]: Connection reset by authenticating user root 45.61.186.217 port 63467 [preauth]
Jan 17 19:13:59 756087-cp55410 sshd[17527]: PAM 4 more authentication failures; logname= uid=0 euid=0 tty=ssh ruser= rhost=45.61.186.217  user=root
Jan 17 19:13:59 756087-cp55410 sshd[17527]: PAM service(sshd) ignoring max retries; 5 > 3
Jan 17 19:14:00 756087-cp55410 sshd[17539]: pam_unix(sshd:auth): authentication failure; logname= uid=0 euid=0 tty=ssh ruser= rhost=45.61.186.217  user=root
Jan 17 19:14:01 756087-cp55410 sshd[17539]: Failed password for root from 45.61.186.217 port 49682 ssh2
Jan 17 19:14:10 756087-cp55410 sshd[17539]: message repeated 4 times: [ Failed password for root from 45.61.186.217 port 49682 ssh2]
Jan 17 19:14:10 756087-cp55410 sshd[17539]: Connection reset by authenticating user root 45.61.186.217 port 49682 [preauth]
Jan 17 19:14:10 756087-cp55410 sshd[17539]: PAM 4 more authentication failures; logname= uid=0 euid=0 tty=ssh ruser= rhost=45.61.186.217  user=root
Jan 17 19:14:10 756087-cp55410 sshd[17539]: PAM service(sshd) ignoring max retries; 5 > 3
Jan 17 19:14:11 756087-cp55410 sshd[17554]: pam_unix(sshd:auth): authentication failure; logname= uid=0 euid=0 tty=ssh ruser= rhost=45.61.186.217  user=root
Jan 17 19:14:14 756087-cp55410 sshd[17554]: Failed password for root from 45.61.186.217 port 52130 ssh2
Jan 17 19:14:23 756087-cp55410 sshd[17554]: message repeated 4 times: [ Failed password for root from 45.61.186.217 port 52130 ssh2]
Jan 17 19:14:23 756087-cp55410 sshd[17554]: Connection reset by authenticating user root 45.61.186.217 port 52130 [preauth]
Jan 17 19:14:23 756087-cp55410 sshd[17554]: PAM 4 more authentication failures; logname= uid=0 euid=0 tty=ssh ruser= rhost=45.61.186.217  user=root
Jan 17 19:14:23 756087-cp55410 sshd[17554]: PAM service(sshd) ignoring max retries; 5 > 3
Jan 17 19:14:24 756087-cp55410 sshd[17562]: pam_unix(sshd:auth): authentication failure; logname= uid=0 euid=0 tty=ssh ruser= rhost=45.61.186.217  user=root
Jan 17 19:14:25 756087-cp55410 sshd[17564]: Received disconnect from 193.142.146.229 port 44910:11: Bye Bye [preauth]
Jan 17 19:14:25 756087-cp55410 sshd[17564]: Disconnected from 193.142.146.229 port 44910 [preauth]
Jan 17 19:14:26 756087-cp55410 sshd[17562]: Failed password for root from 45.61.186.217 port 54860 ssh2
Jan 17 19:14:28 756087-cp55410 sshd[17562]: Failed password for root from 45.61.186.217 port 54860 ssh2
Jan 17 19:14:30 756087-cp55410 sshd[17562]: Failed password for root from 45.61.186.217 port 54860 ssh2
Jan 17 19:14:32 756087-cp55410 sshd[17562]: Failed password for root from 45.61.186.217 port 54860 ssh2
Jan 17 19:14:34 756087-cp55410 sshd[17562]: Failed password for root from 45.61.186.217 port 54860 ssh2
Jan 17 19:14:34 756087-cp55410 sshd[17562]: Connection reset by authenticating user root 45.61.186.217 port 54860 [preauth]
Jan 17 19:14:34 756087-cp55410 sshd[17562]: PAM 4 more authentication failures; logname= uid=0 euid=0 tty=ssh ruser= rhost=45.61.186.217  user=root
Jan 17 19:14:34 756087-cp55410 sshd[17562]: PAM service(sshd) ignoring max retries; 5 > 3
Jan 17 19:14:35 756087-cp55410 sshd[17580]: pam_unix(sshd:auth): authentication failure; logname= uid=0 euid=0 tty=ssh ruser= rhost=45.61.186.217  user=root
Jan 17 19:14:37 756087-cp55410 sshd[17580]: Failed password for root from 45.61.186.217 port 57188 ssh2
Jan 17 19:14:46 756087-cp55410 sshd[17580]: message repeated 4 times: [ Failed password for root from 45.61.186.217 port 57188 ssh2]
Jan 17 19:14:46 756087-cp55410 sshd[17580]: Connection reset by authenticating user root 45.61.186.217 port 57188 [preauth]
Jan 17 19:14:46 756087-cp55410 sshd[17580]: PAM 4 more authentication failures; logname= uid=0 euid=0 tty=ssh ruser= rhost=45.61.186.217  user=root
Jan 17 19:14:46 756087-cp55410 sshd[17580]: PAM service(sshd) ignoring max retries; 5 > 3
Jan 17 19:14:47 756087-cp55410 sshd[17590]: pam_unix(sshd:auth): authentication failure; logname= uid=0 euid=0 tty=ssh ruser= rhost=45.61.186.217  user=root
Jan 17 19:14:50 756087-cp55410 sshd[17590]: Failed password for root from 45.61.186.217 port 59844 ssh2
Jan 17 19:14:58 756087-cp55410 sshd[17590]: message repeated 4 times: [ Failed password for root from 45.61.186.217 port 59844 ssh2]
Jan 17 19:14:58 756087-cp55410 sshd[17590]: Connection reset by authenticating user root 45.61.186.217 port 59844 [preauth]
Jan 17 19:14:58 756087-cp55410 sshd[17590]: PAM 4 more authentication failures; logname= uid=0 euid=0 tty=ssh ruser= rhost=45.61.186.217  user=root
Jan 17 19:14:58 756087-cp55410 sshd[17590]: PAM service(sshd) ignoring max retries; 5 > 3
Jan 17 19:14:59 756087-cp55410 sshd[17599]: pam_unix(sshd:auth): authentication failure; logname= uid=0 euid=0 tty=ssh ruser= rhost=45.61.186.217  user=root
Jan 17 19:15:01 756087-cp55410 sshd[17599]: Failed password for root from 45.61.186.217 port 62344 ssh2
Jan 17 19:15:10 756087-cp55410 sshd[17599]: message repeated 4 times: [ Failed password for root from 45.61.186.217 port 62344 ssh2]
Jan 17 19:15:11 756087-cp55410 sshd[17599]: Connection reset by authenticating user root 45.61.186.217 port 62344 [preauth]
Jan 17 19:15:11 756087-cp55410 sshd[17599]: PAM 4 more authentication failures; logname= uid=0 euid=0 tty=ssh ruser= rhost=45.61.186.217  user=root
Jan 17 19:15:11 756087-cp55410 sshd[17599]: PAM service(sshd) ignoring max retries; 5 > 3
Jan 17 19:15:12 756087-cp55410 sshd[17612]: pam_unix(sshd:auth): authentication failure; logname= uid=0 euid=0 tty=ssh ruser= rhost=45.61.186.217  user=root
Jan 17 19:15:14 756087-cp55410 sshd[17612]: Failed password for root from 45.61.186.217 port 64971 ssh2
Jan 17 19:15:22 756087-cp55410 sshd[17612]: message repeated 4 times: [ Failed password for root from 45.61.186.217 port 64971 ssh2]
Jan 17 19:15:23 756087-cp55410 sshd[17612]: Connection reset by authenticating user root 45.61.186.217 port 64971 [preauth]
Jan 17 19:15:23 756087-cp55410 sshd[17612]: PAM 4 more authentication failures; logname= uid=0 euid=0 tty=ssh ruser= rhost=45.61.186.217  user=root
Jan 17 19:15:23 756087-cp55410 sshd[17612]: PAM service(sshd) ignoring max retries; 5 > 3
Jan 17 19:15:23 756087-cp55410 sshd[17625]: pam_unix(sshd:auth): authentication failure; logname= uid=0 euid=0 tty=ssh ruser= rhost=45.61.186.217  user=root
Jan 17 19:15:26 756087-cp55410 sshd[17625]: Failed password for root from 45.61.186.217 port 50768 ssh2
Jan 17 19:15:36 756087-cp55410 sshd[17625]: message repeated 4 times: [ Failed password for root from 45.61.186.217 port 50768 ssh2]
Jan 17 19:15:36 756087-cp55410 sshd[17625]: Connection reset by authenticating user root 45.61.186.217 port 50768 [preauth]
Jan 17 19:15:36 756087-cp55410 sshd[17625]: PAM 4 more authentication failures; logname= uid=0 euid=0 tty=ssh ruser= rhost=45.61.186.217  user=root
Jan 17 19:15:36 756087-cp55410 sshd[17625]: PAM service(sshd) ignoring max retries; 5 > 3
Jan 17 19:15:37 756087-cp55410 sshd[17635]: pam_unix(sshd:auth): authentication failure; logname= uid=0 euid=0 tty=ssh ruser= rhost=45.61.186.217  user=root
Jan 17 19:15:38 756087-cp55410 sshd[17635]: Failed password for root from 45.61.186.217 port 53365 ssh2
Jan 17 19:15:47 756087-cp55410 sshd[17635]: message repeated 4 times: [ Failed password for root from 45.61.186.217 port 53365 ssh2]
Jan 17 19:15:47 756087-cp55410 sshd[17635]: Connection reset by authenticating user root 45.61.186.217 port 53365 [preauth]
Jan 17 19:15:47 756087-cp55410 sshd[17635]: PAM 4 more authentication failures; logname= uid=0 euid=0 tty=ssh ruser= rhost=45.61.186.217  user=root
Jan 17 19:15:47 756087-cp55410 sshd[17635]: PAM service(sshd) ignoring max retries; 5 > 3
Jan 17 19:15:48 756087-cp55410 sshd[17639]: pam_unix(sshd:auth): authentication failure; logname= uid=0 euid=0 tty=ssh ruser= rhost=45.61.186.217  user=root
Jan 17 19:15:49 756087-cp55410 sshd[17639]: Failed password for root from 45.61.186.217 port 55488 ssh2
Jan 17 19:15:58 756087-cp55410 sshd[17639]: message repeated 4 times: [ Failed password for root from 45.61.186.217 port 55488 ssh2]
Jan 17 19:15:58 756087-cp55410 sshd[17639]: Connection reset by authenticating user root 45.61.186.217 port 55488 [preauth]
Jan 17 19:15:58 756087-cp55410 sshd[17639]: PAM 4 more authentication failures; logname= uid=0 euid=0 tty=ssh ruser= rhost=45.61.186.217  user=root
Jan 17 19:15:58 756087-cp55410 sshd[17639]: PAM service(sshd) ignoring max retries; 5 > 3
Jan 17 19:15:59 756087-cp55410 sshd[17641]: pam_unix(sshd:auth): authentication failure; logname= uid=0 euid=0 tty=ssh ruser= rhost=45.61.186.217  user=root
Jan 17 19:16:02 756087-cp55410 sshd[17641]: Failed password for root from 45.61.186.217 port 57752 ssh2
Jan 17 19:16:11 756087-cp55410 sshd[17641]: message repeated 4 times: [ Failed password for root from 45.61.186.217 port 57752 ssh2]
Jan 17 19:16:11 756087-cp55410 sshd[17641]: Connection reset by authenticating user root 45.61.186.217 port 57752 [preauth]
Jan 17 19:16:11 756087-cp55410 sshd[17641]: PAM 4 more authentication failures; logname= uid=0 euid=0 tty=ssh ruser= rhost=45.61.186.217  user=root
Jan 17 19:16:11 756087-cp55410 sshd[17641]: PAM service(sshd) ignoring max retries; 5 > 3
Jan 17 19:16:12 756087-cp55410 sshd[17645]: pam_unix(sshd:auth): authentication failure; logname= uid=0 euid=0 tty=ssh ruser= rhost=45.61.186.217  user=root
Jan 17 19:16:13 756087-cp55410 sshd[17645]: Failed password for root from 45.61.186.217 port 60092 ssh2
Jan 17 19:16:22 756087-cp55410 sshd[17645]: message repeated 4 times: [ Failed password for root from 45.61.186.217 port 60092 ssh2]
Jan 17 19:16:22 756087-cp55410 sshd[17645]: Connection reset by authenticating user root 45.61.186.217 port 60092 [preauth]
Jan 17 19:16:22 756087-cp55410 sshd[17645]: PAM 4 more authentication failures; logname= uid=0 euid=0 tty=ssh ruser= rhost=45.61.186.217  user=root
Jan 17 19:16:22 756087-cp55410 sshd[17645]: PAM service(sshd) ignoring max retries; 5 > 3
Jan 17 19:16:23 756087-cp55410 sshd[17653]: pam_unix(sshd:auth): authentication failure; logname= uid=0 euid=0 tty=ssh ruser= rhost=45.61.186.217  user=root
Jan 17 19:16:25 756087-cp55410 sshd[17653]: Failed password for root from 45.61.186.217 port 62228 ssh2
Jan 17 19:16:26 756087-cp55410 sshd[17655]: Invalid user admin from 116.105.212.31 port 36264
Jan 17 19:16:26 756087-cp55410 sshd[17655]: pam_unix(sshd:auth): check pass; user unknown
Jan 17 19:16:26 756087-cp55410 sshd[17655]: pam_unix(sshd:auth): authentication failure; logname= uid=0 euid=0 tty=ssh ruser= rhost=116.105.212.31
Jan 17 19:16:27 756087-cp55410 sshd[17653]: Failed password for root from 45.61.186.217 port 62228 ssh2
Jan 17 19:16:28 756087-cp55410 sshd[17655]: Failed password for invalid user admin from 116.105.212.31 port 36264 ssh2
Jan 17 19:16:28 756087-cp55410 sshd[17655]: Connection closed by invalid user admin 116.105.212.31 port 36264 [preauth]
Jan 17 19:16:29 756087-cp55410 sshd[17653]: Failed password for root from 45.61.186.217 port 62228 ssh2
Jan 17 19:16:35 756087-cp55410 sshd[17653]: message repeated 2 times: [ Failed password for root from 45.61.186.217 port 62228 ssh2]
Jan 17 19:16:35 756087-cp55410 sshd[17653]: Connection reset by authenticating user root 45.61.186.217 port 62228 [preauth]
Jan 17 19:16:35 756087-cp55410 sshd[17653]: PAM 4 more authentication failures; logname= uid=0 euid=0 tty=ssh ruser= rhost=45.61.186.217  user=root
Jan 17 19:16:35 756087-cp55410 sshd[17653]: PAM service(sshd) ignoring max retries; 5 > 3
Jan 17 19:16:36 756087-cp55410 sshd[17664]: pam_unix(sshd:auth): authentication failure; logname= uid=0 euid=0 tty=ssh ruser= rhost=45.61.186.217  user=root
Jan 17 19:16:37 756087-cp55410 sshd[17664]: Failed password for root from 45.61.186.217 port 64540 ssh2
Jan 17 19:16:39 756087-cp55410 sshd[17664]: Failed password for root from 45.61.186.217 port 64540 ssh2
Jan 17 19:16:40 756087-cp55410 sshd[17668]: Invalid user support from 116.105.212.31 port 55974
Jan 17 19:16:41 756087-cp55410 sshd[17668]: pam_unix(sshd:auth): check pass; user unknown
Jan 17 19:16:41 756087-cp55410 sshd[17668]: pam_unix(sshd:auth): authentication failure; logname= uid=0 euid=0 tty=ssh ruser= rhost=116.105.212.31
Jan 17 19:16:41 756087-cp55410 sshd[17664]: Failed password for root from 45.61.186.217 port 64540 ssh2
Jan 17 19:16:43 756087-cp55410 sshd[17664]: Failed password for root from 45.61.186.217 port 64540 ssh2
Jan 17 19:16:43 756087-cp55410 sshd[17668]: Failed password for invalid user support from 116.105.212.31 port 55974 ssh2
Jan 17 19:16:45 756087-cp55410 sshd[17668]: Connection closed by invalid user support 116.105.212.31 port 55974 [preauth]
Jan 17 19:16:46 756087-cp55410 sshd[17664]: Failed password for root from 45.61.186.217 port 64540 ssh2
Jan 17 19:16:46 756087-cp55410 sshd[17664]: Connection reset by authenticating user root 45.61.186.217 port 64540 [preauth]
Jan 17 19:16:46 756087-cp55410 sshd[17664]: PAM 4 more authentication failures; logname= uid=0 euid=0 tty=ssh ruser= rhost=45.61.186.217  user=root
Jan 17 19:16:46 756087-cp55410 sshd[17664]: PAM service(sshd) ignoring max retries; 5 > 3
Jan 17 19:16:46 756087-cp55410 sshd[17678]: Invalid user system from 116.105.166.62 port 51938
Jan 17 19:16:47 756087-cp55410 sshd[17680]: pam_unix(sshd:auth): authentication failure; logname= uid=0 euid=0 tty=ssh ruser= rhost=45.61.186.217  user=root
Jan 17 19:16:47 756087-cp55410 sshd[17678]: pam_unix(sshd:auth): check pass; user unknown
Jan 17 19:16:47 756087-cp55410 sshd[17678]: pam_unix(sshd:auth): authentication failure; logname= uid=0 euid=0 tty=ssh ruser= rhost=116.105.166.62
Jan 17 19:16:49 756087-cp55410 sshd[17680]: Failed password for root from 45.61.186.217 port 50126 ssh2
Jan 17 19:16:49 756087-cp55410 sshd[17678]: Failed password for invalid user system from 116.105.166.62 port 51938 ssh2
Jan 17 19:16:50 756087-cp55410 sshd[17684]: pam_unix(sshd:auth): authentication failure; logname= uid=0 euid=0 tty=ssh ruser= rhost=116.105.212.31  user=root
Jan 17 19:16:50 756087-cp55410 sshd[17678]: Connection closed by invalid user system 116.105.166.62 port 51938 [preauth]
Jan 17 19:16:50 756087-cp55410 sshd[17680]: Failed password for root from 45.61.186.217 port 50126 ssh2
Jan 17 19:16:52 756087-cp55410 sshd[17684]: Failed password for root from 116.105.212.31 port 42490 ssh2
Jan 17 19:16:52 756087-cp55410 sshd[17684]: Connection closed by authenticating user root 116.105.212.31 port 42490 [preauth]
Jan 17 19:16:53 756087-cp55410 sshd[17680]: Failed password for root from 45.61.186.217 port 50126 ssh2
Jan 17 19:16:55 756087-cp55410 sshd[17680]: Failed password for root from 45.61.186.217 port 50126 ssh2
Jan 17 19:16:56 756087-cp55410 sshd[17688]: Invalid user support from 171.227.221.85 port 51730
Jan 17 19:16:56 756087-cp55410 sshd[17688]: pam_unix(sshd:auth): check pass; user unknown
Jan 17 19:16:56 756087-cp55410 sshd[17688]: pam_unix(sshd:auth): authentication failure; logname= uid=0 euid=0 tty=ssh ruser= rhost=171.227.221.85
Jan 17 19:16:57 756087-cp55410 sshd[17694]: Invalid user admin from 116.105.166.62 port 38620
Jan 17 19:16:58 756087-cp55410 sshd[17680]: Failed password for root from 45.61.186.217 port 50126 ssh2
Jan 17 19:16:58 756087-cp55410 sshd[17680]: Connection reset by authenticating user root 45.61.186.217 port 50126 [preauth]
Jan 17 19:16:58 756087-cp55410 sshd[17680]: PAM 4 more authentication failures; logname= uid=0 euid=0 tty=ssh ruser= rhost=45.61.186.217  user=root
Jan 17 19:16:58 756087-cp55410 sshd[17680]: PAM service(sshd) ignoring max retries; 5 > 3
Jan 17 19:16:58 756087-cp55410 sshd[17694]: pam_unix(sshd:auth): check pass; user unknown
Jan 17 19:16:58 756087-cp55410 sshd[17694]: pam_unix(sshd:auth): authentication failure; logname= uid=0 euid=0 tty=ssh ruser= rhost=116.105.166.62
Jan 17 19:16:58 756087-cp55410 sshd[17688]: Failed password for invalid user support from 171.227.221.85 port 51730 ssh2
Jan 17 19:16:59 756087-cp55410 sshd[17688]: Connection closed by invalid user support 171.227.221.85 port 51730 [preauth]
Jan 17 19:16:59 756087-cp55410 sshd[17696]: pam_unix(sshd:auth): authentication failure; logname= uid=0 euid=0 tty=ssh ruser= rhost=45.61.186.217  user=root
Jan 17 19:17:00 756087-cp55410 sshd[17694]: Failed password for invalid user admin from 116.105.166.62 port 38620 ssh2
Jan 17 19:17:00 756087-cp55410 sshd[17694]: Connection closed by invalid user admin 116.105.166.62 port 38620 [preauth]
Jan 17 19:17:01 756087-cp55410 sshd[17696]: Failed password for root from 45.61.186.217 port 52412 ssh2
Jan 17 19:17:01 756087-cp55410 CRON[17701]: pam_unix(cron:session): session opened for user root by (uid=0)
Jan 17 19:17:01 756087-cp55410 CRON[17701]: pam_unix(cron:session): session closed for user root
Jan 17 19:17:02 756087-cp55410 sshd[17696]: Failed password for root from 45.61.186.217 port 52412 ssh2
Jan 17 19:17:04 756087-cp55410 sshd[17707]: Invalid user support from 116.105.166.62 port 32470
Jan 17 19:17:05 756087-cp55410 sshd[17707]: pam_unix(sshd:auth): check pass; user unknown
Jan 17 19:17:05 756087-cp55410 sshd[17707]: pam_unix(sshd:auth): authentication failure; logname= uid=0 euid=0 tty=ssh ruser= rhost=116.105.166.62
Jan 17 19:17:05 756087-cp55410 sshd[17696]: Failed password for root from 45.61.186.217 port 52412 ssh2
Jan 17 19:17:07 756087-cp55410 sshd[17707]: Failed password for invalid user support from 116.105.166.62 port 32470 ssh2
Jan 17 19:17:07 756087-cp55410 sshd[17696]: Failed password for root from 45.61.186.217 port 52412 ssh2
Jan 17 19:17:07 756087-cp55410 sshd[17707]: Connection closed by invalid user support 116.105.166.62 port 32470 [preauth]
Jan 17 19:17:08 756087-cp55410 sshd[17712]: Invalid user user from 116.105.166.62 port 47546
Jan 17 19:17:08 756087-cp55410 sshd[17712]: pam_unix(sshd:auth): check pass; user unknown
Jan 17 19:17:08 756087-cp55410 sshd[17712]: pam_unix(sshd:auth): authentication failure; logname= uid=0 euid=0 tty=ssh ruser= rhost=116.105.166.62
Jan 17 19:17:10 756087-cp55410 sshd[17715]: Invalid user admin from 116.105.166.62 port 59476
Jan 17 19:17:10 756087-cp55410 sshd[17696]: Failed password for root from 45.61.186.217 port 52412 ssh2
Jan 17 19:17:10 756087-cp55410 sshd[17696]: Connection reset by authenticating user root 45.61.186.217 port 52412 [preauth]
Jan 17 19:17:10 756087-cp55410 sshd[17696]: PAM 4 more authentication failures; logname= uid=0 euid=0 tty=ssh ruser= rhost=45.61.186.217  user=root
Jan 17 19:17:10 756087-cp55410 sshd[17696]: PAM service(sshd) ignoring max retries; 5 > 3
Jan 17 19:17:10 756087-cp55410 sshd[17715]: pam_unix(sshd:auth): check pass; user unknown
Jan 17 19:17:10 756087-cp55410 sshd[17715]: pam_unix(sshd:auth): authentication failure; logname= uid=0 euid=0 tty=ssh ruser= rhost=116.105.166.62
Jan 17 19:17:10 756087-cp55410 sshd[17712]: Failed password for invalid user user from 116.105.166.62 port 47546 ssh2
Jan 17 19:17:11 756087-cp55410 sshd[17712]: Connection closed by invalid user user 116.105.166.62 port 47546 [preauth]
Jan 17 19:17:11 756087-cp55410 sshd[17719]: pam_unix(sshd:auth): authentication failure; logname= uid=0 euid=0 tty=ssh ruser= rhost=45.61.186.217  user=root
Jan 17 19:17:11 756087-cp55410 sshd[17717]: pam_unix(sshd:auth): authentication failure; logname= uid=0 euid=0 tty=ssh ruser= rhost=116.105.166.62  user=root
Jan 17 19:17:11 756087-cp55410 sshd[17721]: Invalid user admin from 116.105.166.62 port 47482
Jan 17 19:17:11 756087-cp55410 sshd[17715]: Failed password for invalid user admin from 116.105.166.62 port 59476 ssh2
Jan 17 19:17:12 756087-cp55410 sshd[17721]: pam_unix(sshd:auth): check pass; user unknown
Jan 17 19:17:12 756087-cp55410 sshd[17721]: pam_unix(sshd:auth): authentication failure; logname= uid=0 euid=0 tty=ssh ruser= rhost=116.105.166.62
Jan 17 19:17:12 756087-cp55410 sshd[17715]: Connection closed by invalid user admin 116.105.166.62 port 59476 [preauth]
Jan 17 19:17:13 756087-cp55410 sshd[17719]: Failed password for root from 45.61.186.217 port 54638 ssh2
Jan 17 19:17:13 756087-cp55410 sshd[17717]: Failed password for root from 116.105.166.62 port 41138 ssh2
Jan 17 19:17:13 756087-cp55410 sshd[17717]: Connection closed by authenticating user root 116.105.166.62 port 41138 [preauth]
Jan 17 19:17:13 756087-cp55410 sshd[17721]: Failed password for invalid user admin from 116.105.166.62 port 47482 ssh2
Jan 17 19:17:14 756087-cp55410 sshd[17721]: Connection closed by invalid user admin 116.105.166.62 port 47482 [preauth]
Jan 17 19:17:14 756087-cp55410 sshd[17719]: Failed password for root from 45.61.186.217 port 54638 ssh2
Jan 17 19:17:16 756087-cp55410 sshd[17719]: Failed password for root from 45.61.186.217 port 54638 ssh2
Jan 17 19:17:16 756087-cp55410 sshd[17732]: Invalid user user from 116.98.160.1 port 53850
Jan 17 19:17:17 756087-cp55410 sshd[17732]: pam_unix(sshd:auth): check pass; user unknown
Jan 17 19:17:17 756087-cp55410 sshd[17732]: pam_unix(sshd:auth): authentication failure; logname= uid=0 euid=0 tty=ssh ruser= rhost=116.98.160.1
Jan 17 19:17:18 756087-cp55410 sshd[17735]: Invalid user ubnt from 116.105.166.62 port 47052
Jan 17 19:17:18 756087-cp55410 sshd[17732]: Failed password for invalid user user from 116.98.160.1 port 53850 ssh2
Jan 17 19:17:18 756087-cp55410 sshd[17735]: pam_unix(sshd:auth): check pass; user unknown
Jan 17 19:17:18 756087-cp55410 sshd[17735]: pam_unix(sshd:auth): authentication failure; logname= uid=0 euid=0 tty=ssh ruser= rhost=116.105.166.62
Jan 17 19:17:19 756087-cp55410 sshd[17732]: Connection closed by invalid user user 116.98.160.1 port 53850 [preauth]
Jan 17 19:17:19 756087-cp55410 sshd[17719]: Failed password for root from 45.61.186.217 port 54638 ssh2
Jan 17 19:17:20 756087-cp55410 sshd[17735]: Failed password for invalid user ubnt from 116.105.166.62 port 47052 ssh2
Jan 17 19:17:20 756087-cp55410 sshd[17737]: pam_unix(sshd:auth): authentication failure; logname= uid=0 euid=0 tty=ssh ruser= rhost=171.227.221.85  user=root
Jan 17 19:17:20 756087-cp55410 sshd[17735]: Connection closed by invalid user ubnt 116.105.166.62 port 47052 [preauth]
Jan 17 19:17:21 756087-cp55410 sshd[17719]: Failed password for root from 45.61.186.217 port 54638 ssh2
Jan 17 19:17:21 756087-cp55410 sshd[17719]: Connection reset by authenticating user root 45.61.186.217 port 54638 [preauth]
Jan 17 19:17:21 756087-cp55410 sshd[17719]: PAM 4 more authentication failures; logname= uid=0 euid=0 tty=ssh ruser= rhost=45.61.186.217  user=root
Jan 17 19:17:21 756087-cp55410 sshd[17719]: PAM service(sshd) ignoring max retries; 5 > 3
Jan 17 19:17:22 756087-cp55410 sshd[17737]: Failed password for root from 171.227.221.85 port 37592 ssh2
Jan 17 19:17:22 756087-cp55410 sshd[17743]: pam_unix(sshd:auth): authentication failure; logname= uid=0 euid=0 tty=ssh ruser= rhost=45.61.186.217  user=root
Jan 17 19:17:23 756087-cp55410 sshd[17743]: Failed password for root from 45.61.186.217 port 56775 ssh2
Jan 17 19:17:24 756087-cp55410 sshd[17737]: Connection closed by authenticating user root 171.227.221.85 port 37592 [preauth]
Jan 17 19:17:26 756087-cp55410 sshd[17743]: Failed password for root from 45.61.186.217 port 56775 ssh2
Jan 17 19:17:30 756087-cp55410 sshd[17743]: message repeated 2 times: [ Failed password for root from 45.61.186.217 port 56775 ssh2]
Jan 17 19:17:31 756087-cp55410 sshd[17752]: Invalid user user1 from 116.105.166.62 port 44148
Jan 17 19:17:32 756087-cp55410 sshd[17752]: pam_unix(sshd:auth): check pass; user unknown
Jan 17 19:17:32 756087-cp55410 sshd[17752]: pam_unix(sshd:auth): authentication failure; logname= uid=0 euid=0 tty=ssh ruser= rhost=116.105.166.62
Jan 17 19:17:33 756087-cp55410 sshd[17743]: Failed password for root from 45.61.186.217 port 56775 ssh2
Jan 17 19:17:33 756087-cp55410 sshd[17743]: Connection reset by authenticating user root 45.61.186.217 port 56775 [preauth]
Jan 17 19:17:33 756087-cp55410 sshd[17743]: PAM 4 more authentication failures; logname= uid=0 euid=0 tty=ssh ruser= rhost=45.61.186.217  user=root
Jan 17 19:17:33 756087-cp55410 sshd[17743]: PAM service(sshd) ignoring max retries; 5 > 3
Jan 17 19:17:33 756087-cp55410 sshd[17752]: Failed password for invalid user user1 from 116.105.166.62 port 44148 ssh2
Jan 17 19:17:34 756087-cp55410 sshd[17756]: pam_unix(sshd:auth): authentication failure; logname= uid=0 euid=0 tty=ssh ruser= rhost=45.61.186.217  user=root
Jan 17 19:17:34 756087-cp55410 sshd[17752]: Connection closed by invalid user user1 116.105.166.62 port 44148 [preauth]
Jan 17 19:17:36 756087-cp55410 sshd[17761]: Invalid user admin from 116.105.166.62 port 35392
Jan 17 19:17:36 756087-cp55410 sshd[17756]: Failed password for root from 45.61.186.217 port 59033 ssh2
Jan 17 19:17:36 756087-cp55410 sshd[17761]: pam_unix(sshd:auth): check pass; user unknown
Jan 17 19:17:36 756087-cp55410 sshd[17761]: pam_unix(sshd:auth): authentication failure; logname= uid=0 euid=0 tty=ssh ruser= rhost=116.105.166.62
Jan 17 19:17:37 756087-cp55410 sshd[17764]: Invalid user admin from 116.105.166.62 port 48044
Jan 17 19:17:37 756087-cp55410 sshd[17764]: pam_unix(sshd:auth): check pass; user unknown
Jan 17 19:17:37 756087-cp55410 sshd[17764]: pam_unix(sshd:auth): authentication failure; logname= uid=0 euid=0 tty=ssh ruser= rhost=116.105.166.62
Jan 17 19:17:38 756087-cp55410 sshd[17761]: Failed password for invalid user admin from 116.105.166.62 port 35392 ssh2
Jan 17 19:17:38 756087-cp55410 sshd[17756]: Failed password for root from 45.61.186.217 port 59033 ssh2
Jan 17 19:17:38 756087-cp55410 sshd[17761]: Connection closed by invalid user admin 116.105.166.62 port 35392 [preauth]
Jan 17 19:17:38 756087-cp55410 sshd[17764]: Failed password for invalid user admin from 116.105.166.62 port 48044 ssh2
Jan 17 19:17:38 756087-cp55410 sshd[17764]: Connection closed by invalid user admin 116.105.166.62 port 48044 [preauth]
Jan 17 19:17:40 756087-cp55410 sshd[17756]: Failed password for root from 45.61.186.217 port 59033 ssh2
Jan 17 19:17:45 756087-cp55410 sshd[17756]: message repeated 2 times: [ Failed password for root from 45.61.186.217 port 59033 ssh2]
Jan 17 19:17:45 756087-cp55410 sshd[17756]: Connection reset by authenticating user root 45.61.186.217 port 59033 [preauth]
Jan 17 19:17:45 756087-cp55410 sshd[17756]: PAM 4 more authentication failures; logname= uid=0 euid=0 tty=ssh ruser= rhost=45.61.186.217  user=root
Jan 17 19:17:45 756087-cp55410 sshd[17756]: PAM service(sshd) ignoring max retries; 5 > 3
Jan 17 19:17:46 756087-cp55410 sshd[17773]: pam_unix(sshd:auth): authentication failure; logname= uid=0 euid=0 tty=ssh ruser= rhost=45.61.186.217  user=root
Jan 17 19:17:48 756087-cp55410 sshd[17773]: Failed password for root from 45.61.186.217 port 61457 ssh2
Jan 17 19:17:50 756087-cp55410 sshd[17777]: Invalid user test from 116.98.160.1 port 37334
Jan 17 19:17:50 756087-cp55410 sshd[17777]: pam_unix(sshd:auth): check pass; user unknown
Jan 17 19:17:50 756087-cp55410 sshd[17777]: pam_unix(sshd:auth): authentication failure; logname= uid=0 euid=0 tty=ssh ruser= rhost=116.98.160.1
Jan 17 19:17:50 756087-cp55410 sshd[17773]: Failed password for root from 45.61.186.217 port 61457 ssh2
Jan 17 19:17:52 756087-cp55410 sshd[17777]: Failed password for invalid user test from 116.98.160.1 port 37334 ssh2
Jan 17 19:17:52 756087-cp55410 sshd[17773]: Failed password for root from 45.61.186.217 port 61457 ssh2
Jan 17 19:17:53 756087-cp55410 sshd[17777]: Connection closed by invalid user test 116.98.160.1 port 37334 [preauth]
Jan 17 19:17:55 756087-cp55410 sshd[17773]: Failed password for root from 45.61.186.217 port 61457 ssh2
Jan 17 19:17:57 756087-cp55410 sshd[17773]: Failed password for root from 45.61.186.217 port 61457 ssh2
Jan 17 19:17:57 756087-cp55410 sshd[17773]: Connection reset by authenticating user root 45.61.186.217 port 61457 [preauth]
Jan 17 19:17:57 756087-cp55410 sshd[17773]: PAM 4 more authentication failures; logname= uid=0 euid=0 tty=ssh ruser= rhost=45.61.186.217  user=root
Jan 17 19:17:57 756087-cp55410 sshd[17773]: PAM service(sshd) ignoring max retries; 5 > 3
Jan 17 19:17:58 756087-cp55410 sshd[17793]: pam_unix(sshd:auth): authentication failure; logname= uid=0 euid=0 tty=ssh ruser= rhost=45.61.186.217  user=root
Jan 17 19:17:59 756087-cp55410 sshd[17796]: Invalid user admin from 116.105.166.62 port 41744
Jan 17 19:17:59 756087-cp55410 sshd[17792]: Invalid user guest from 171.227.221.85 port 52992
Jan 17 19:18:00 756087-cp55410 sshd[17796]: pam_unix(sshd:auth): check pass; user unknown
Jan 17 19:18:00 756087-cp55410 sshd[17796]: pam_unix(sshd:auth): authentication failure; logname= uid=0 euid=0 tty=ssh ruser= rhost=116.105.166.62
Jan 17 19:18:00 756087-cp55410 sshd[17793]: Failed password for root from 45.61.186.217 port 63769 ssh2
Jan 17 19:18:00 756087-cp55410 sshd[17792]: pam_unix(sshd:auth): check pass; user unknown
Jan 17 19:18:00 756087-cp55410 sshd[17792]: pam_unix(sshd:auth): authentication failure; logname= uid=0 euid=0 tty=ssh ruser= rhost=171.227.221.85
Jan 17 19:18:01 756087-cp55410 sshd[17796]: Failed password for invalid user admin from 116.105.166.62 port 41744 ssh2
Jan 17 19:18:02 756087-cp55410 sshd[17796]: Connection closed by invalid user admin 116.105.166.62 port 41744 [preauth]
Jan 17 19:18:02 756087-cp55410 sshd[17793]: Failed password for root from 45.61.186.217 port 63769 ssh2
Jan 17 19:18:02 756087-cp55410 sshd[17792]: Failed password for invalid user guest from 171.227.221.85 port 52992 ssh2
Jan 17 19:18:04 756087-cp55410 sshd[17793]: Failed password for root from 45.61.186.217 port 63769 ssh2
Jan 17 19:18:05 756087-cp55410 sshd[17792]: Connection closed by invalid user guest 171.227.221.85 port 52992 [preauth]
Jan 17 19:18:06 756087-cp55410 sshd[17793]: Failed password for root from 45.61.186.217 port 63769 ssh2
Jan 17 19:18:08 756087-cp55410 sshd[17793]: Failed password for root from 45.61.186.217 port 63769 ssh2
Jan 17 19:18:08 756087-cp55410 sshd[17793]: Connection reset by authenticating user root 45.61.186.217 port 63769 [preauth]
Jan 17 19:18:08 756087-cp55410 sshd[17793]: PAM 4 more authentication failures; logname= uid=0 euid=0 tty=ssh ruser= rhost=45.61.186.217  user=root
Jan 17 19:18:08 756087-cp55410 sshd[17793]: PAM service(sshd) ignoring max retries; 5 > 3
Jan 17 19:18:09 756087-cp55410 sshd[17802]: pam_unix(sshd:auth): authentication failure; logname= uid=0 euid=0 tty=ssh ruser= rhost=45.61.186.217  user=root
Jan 17 19:18:11 756087-cp55410 sshd[17802]: Failed password for root from 45.61.186.217 port 49717 ssh2
Jan 17 19:18:19 756087-cp55410 sshd[17802]: message repeated 3 times: [ Failed password for root from 45.61.186.217 port 49717 ssh2]
Jan 17 19:18:19 756087-cp55410 sshd[17819]: pam_unix(sshd:auth): authentication failure; logname= uid=0 euid=0 tty=ssh ruser= rhost=116.105.166.62  user=sshd
Jan 17 19:18:20 756087-cp55410 sshd[17802]: Failed password for root from 45.61.186.217 port 49717 ssh2
Jan 17 19:18:21 756087-cp55410 sshd[17802]: Connection reset by authenticating user root 45.61.186.217 port 49717 [preauth]
Jan 17 19:18:21 756087-cp55410 sshd[17802]: PAM 4 more authentication failures; logname= uid=0 euid=0 tty=ssh ruser= rhost=45.61.186.217  user=root
Jan 17 19:18:21 756087-cp55410 sshd[17802]: PAM service(sshd) ignoring max retries; 5 > 3
Jan 17 19:18:21 756087-cp55410 sshd[17819]: Failed password for sshd from 116.105.166.62 port 43162 ssh2
Jan 17 19:18:21 756087-cp55410 sshd[17819]: Connection closed by authenticating user sshd 116.105.166.62 port 43162 [preauth]
Jan 17 19:18:22 756087-cp55410 sshd[17822]: pam_unix(sshd:auth): authentication failure; logname= uid=0 euid=0 tty=ssh ruser= rhost=45.61.186.217  user=root
Jan 17 19:18:23 756087-cp55410 sshd[17822]: Failed password for root from 45.61.186.217 port 52020 ssh2
Jan 17 19:18:32 756087-cp55410 sshd[17822]: message repeated 4 times: [ Failed password for root from 45.61.186.217 port 52020 ssh2]
Jan 17 19:18:32 756087-cp55410 sshd[17822]: Connection reset by authenticating user root 45.61.186.217 port 52020 [preauth]
Jan 17 19:18:32 756087-cp55410 sshd[17822]: PAM 4 more authentication failures; logname= uid=0 euid=0 tty=ssh ruser= rhost=45.61.186.217  user=root
Jan 17 19:18:32 756087-cp55410 sshd[17822]: PAM service(sshd) ignoring max retries; 5 > 3
Jan 17 19:18:33 756087-cp55410 sshd[17828]: pam_unix(sshd:auth): authentication failure; logname= uid=0 euid=0 tty=ssh ruser= rhost=45.61.186.217  user=root
Jan 17 19:18:35 756087-cp55410 sshd[17828]: Failed password for root from 45.61.186.217 port 54282 ssh2
Jan 17 19:18:39 756087-cp55410 sshd[17828]: message repeated 2 times: [ Failed password for root from 45.61.186.217 port 54282 ssh2]
Jan 17 19:18:40 756087-cp55410 sshd[17837]: pam_unix(sshd:auth): authentication failure; logname= uid=0 euid=0 tty=ssh ruser= rhost=171.227.221.85  user=root
Jan 17 19:18:42 756087-cp55410 sshd[17828]: Failed password for root from 45.61.186.217 port 54282 ssh2
Jan 17 19:18:42 756087-cp55410 sshd[17837]: Failed password for root from 171.227.221.85 port 56726 ssh2
Jan 17 19:18:43 756087-cp55410 sshd[17837]: Connection closed by authenticating user root 171.227.221.85 port 56726 [preauth]
Jan 17 19:18:44 756087-cp55410 sshd[17834]: Invalid user boss from 116.105.216.128 port 48052
Jan 17 19:18:44 756087-cp55410 sshd[17828]: Failed password for root from 45.61.186.217 port 54282 ssh2
Jan 17 19:18:44 756087-cp55410 sshd[17828]: Connection reset by authenticating user root 45.61.186.217 port 54282 [preauth]
Jan 17 19:18:44 756087-cp55410 sshd[17828]: PAM 4 more authentication failures; logname= uid=0 euid=0 tty=ssh ruser= rhost=45.61.186.217  user=root
Jan 17 19:18:44 756087-cp55410 sshd[17828]: PAM service(sshd) ignoring max retries; 5 > 3
Jan 17 19:18:45 756087-cp55410 sshd[17853]: pam_unix(sshd:auth): authentication failure; logname= uid=0 euid=0 tty=ssh ruser= rhost=45.61.186.217  user=root
Jan 17 19:18:45 756087-cp55410 sshd[17834]: pam_unix(sshd:auth): check pass; user unknown
Jan 17 19:18:45 756087-cp55410 sshd[17834]: pam_unix(sshd:auth): authentication failure; logname= uid=0 euid=0 tty=ssh ruser= rhost=116.105.216.128
Jan 17 19:18:46 756087-cp55410 sshd[17842]: pam_unix(sshd:auth): authentication failure; logname= uid=0 euid=0 tty=ssh ruser= rhost=116.105.215.9  user=ftp
Jan 17 19:18:46 756087-cp55410 sshd[17855]: Invalid user support from 116.105.212.31 port 57098
Jan 17 19:18:47 756087-cp55410 sshd[17853]: Failed password for root from 45.61.186.217 port 56454 ssh2
Jan 17 19:18:47 756087-cp55410 sshd[17855]: pam_unix(sshd:auth): check pass; user unknown
Jan 17 19:18:47 756087-cp55410 sshd[17855]: pam_unix(sshd:auth): authentication failure; logname= uid=0 euid=0 tty=ssh ruser= rhost=116.105.212.31
Jan 17 19:18:47 756087-cp55410 sshd[17834]: Failed password for invalid user boss from 116.105.216.128 port 48052 ssh2
Jan 17 19:18:47 756087-cp55410 sshd[17834]: Connection closed by invalid user boss 116.105.216.128 port 48052 [preauth]
Jan 17 19:18:49 756087-cp55410 sshd[17842]: Failed password for ftp from 116.105.215.9 port 53562 ssh2
Jan 17 19:18:49 756087-cp55410 sshd[17855]: Failed password for invalid user support from 116.105.212.31 port 57098 ssh2
Jan 17 19:18:49 756087-cp55410 sshd[17853]: Failed password for root from 45.61.186.217 port 56454 ssh2
Jan 17 19:18:50 756087-cp55410 sshd[17855]: Connection closed by invalid user support 116.105.212.31 port 57098 [preauth]
Jan 17 19:18:50 756087-cp55410 sshd[17842]: Connection closed by authenticating user ftp 116.105.215.9 port 53562 [preauth]
Jan 17 19:18:51 756087-cp55410 sshd[17853]: Failed password for root from 45.61.186.217 port 56454 ssh2
Jan 17 19:18:56 756087-cp55410 sshd[17853]: message repeated 2 times: [ Failed password for root from 45.61.186.217 port 56454 ssh2]
Jan 17 19:18:56 756087-cp55410 sshd[17853]: Connection reset by authenticating user root 45.61.186.217 port 56454 [preauth]
Jan 17 19:18:56 756087-cp55410 sshd[17853]: PAM 4 more authentication failures; logname= uid=0 euid=0 tty=ssh ruser= rhost=45.61.186.217  user=root
Jan 17 19:18:56 756087-cp55410 sshd[17853]: PAM service(sshd) ignoring max retries; 5 > 3
Jan 17 19:18:57 756087-cp55410 sshd[17864]: pam_unix(sshd:auth): authentication failure; logname= uid=0 euid=0 tty=ssh ruser= rhost=45.61.186.217  user=root
Jan 17 19:18:59 756087-cp55410 sshd[17864]: Failed password for root from 45.61.186.217 port 58772 ssh2
Jan 17 19:19:02 756087-cp55410 sshd[17872]: Invalid user apache from 171.227.221.85 port 59994
Jan 17 19:19:02 756087-cp55410 sshd[17864]: Failed password for root from 45.61.186.217 port 58772 ssh2
Jan 17 19:19:02 756087-cp55410 sshd[17872]: pam_unix(sshd:auth): check pass; user unknown
Jan 17 19:19:02 756087-cp55410 sshd[17872]: pam_unix(sshd:auth): authentication failure; logname= uid=0 euid=0 tty=ssh ruser= rhost=171.227.221.85
Jan 17 19:19:03 756087-cp55410 sshd[17864]: Failed password for root from 45.61.186.217 port 58772 ssh2
Jan 17 19:19:03 756087-cp55410 sshd[17872]: Failed password for invalid user apache from 171.227.221.85 port 59994 ssh2
Jan 17 19:19:04 756087-cp55410 sshd[17872]: Connection closed by invalid user apache 171.227.221.85 port 59994 [preauth]
Jan 17 19:19:06 756087-cp55410 sshd[17864]: Failed password for root from 45.61.186.217 port 58772 ssh2
Jan 17 19:19:06 756087-cp55410 sshd[17881]: Invalid user admin from 116.105.166.62 port 40116
Jan 17 19:19:06 756087-cp55410 sshd[17881]: pam_unix(sshd:auth): check pass; user unknown
Jan 17 19:19:06 756087-cp55410 sshd[17881]: pam_unix(sshd:auth): authentication failure; logname= uid=0 euid=0 tty=ssh ruser= rhost=116.105.166.62
Jan 17 19:19:08 756087-cp55410 sshd[17864]: Failed password for root from 45.61.186.217 port 58772 ssh2
Jan 17 19:19:08 756087-cp55410 sshd[17881]: Failed password for invalid user admin from 116.105.166.62 port 40116 ssh2
Jan 17 19:19:08 756087-cp55410 sshd[17864]: Connection reset by authenticating user root 45.61.186.217 port 58772 [preauth]
Jan 17 19:19:08 756087-cp55410 sshd[17864]: PAM 4 more authentication failures; logname= uid=0 euid=0 tty=ssh ruser= rhost=45.61.186.217  user=root
Jan 17 19:19:08 756087-cp55410 sshd[17864]: PAM service(sshd) ignoring max retries; 5 > 3
Jan 17 19:19:08 756087-cp55410 sshd[17881]: Connection closed by invalid user admin 116.105.166.62 port 40116 [preauth]
Jan 17 19:19:09 756087-cp55410 sshd[17888]: pam_unix(sshd:auth): authentication failure; logname= uid=0 euid=0 tty=ssh ruser= rhost=45.61.186.217  user=root
Jan 17 19:19:11 756087-cp55410 sshd[17888]: Failed password for root from 45.61.186.217 port 61144 ssh2
Jan 17 19:19:20 756087-cp55410 sshd[17888]: message repeated 4 times: [ Failed password for root from 45.61.186.217 port 61144 ssh2]
Jan 17 19:19:20 756087-cp55410 sshd[17888]: Connection reset by authenticating user root 45.61.186.217 port 61144 [preauth]
Jan 17 19:19:20 756087-cp55410 sshd[17888]: PAM 4 more authentication failures; logname= uid=0 euid=0 tty=ssh ruser= rhost=45.61.186.217  user=root
Jan 17 19:19:20 756087-cp55410 sshd[17888]: PAM service(sshd) ignoring max retries; 5 > 3
Jan 17 19:19:21 756087-cp55410 sshd[17899]: pam_unix(sshd:auth): authentication failure; logname= uid=0 euid=0 tty=ssh ruser= rhost=45.61.186.217  user=root
Jan 17 19:19:23 756087-cp55410 sshd[17899]: Failed password for root from 45.61.186.217 port 63508 ssh2
Jan 17 19:19:30 756087-cp55410 sshd[17899]: message repeated 3 times: [ Failed password for root from 45.61.186.217 port 63508 ssh2]
Jan 17 19:19:32 756087-cp55410 sshd[17909]: pam_unix(sshd:auth): authentication failure; logname= uid=0 euid=0 tty=ssh ruser= rhost=171.227.221.85  user=root
Jan 17 19:19:33 756087-cp55410 sshd[17899]: Failed password for root from 45.61.186.217 port 63508 ssh2
Jan 17 19:19:33 756087-cp55410 sshd[17899]: Connection reset by authenticating user root 45.61.186.217 port 63508 [preauth]
Jan 17 19:19:33 756087-cp55410 sshd[17899]: PAM 4 more authentication failures; logname= uid=0 euid=0 tty=ssh ruser= rhost=45.61.186.217  user=root
Jan 17 19:19:33 756087-cp55410 sshd[17899]: PAM service(sshd) ignoring max retries; 5 > 3
Jan 17 19:19:34 756087-cp55410 sshd[17909]: Failed password for root from 171.227.221.85 port 48068 ssh2
Jan 17 19:19:34 756087-cp55410 sshd[17912]: pam_unix(sshd:auth): authentication failure; logname= uid=0 euid=0 tty=ssh ruser= rhost=45.61.186.217  user=root
Jan 17 19:19:34 756087-cp55410 sshd[17909]: Connection closed by authenticating user root 171.227.221.85 port 48068 [preauth]
Jan 17 19:19:36 756087-cp55410 sshd[17912]: Failed password for root from 45.61.186.217 port 49501 ssh2
Jan 17 19:19:45 756087-cp55410 sshd[17912]: message repeated 4 times: [ Failed password for root from 45.61.186.217 port 49501 ssh2]
Jan 17 19:19:46 756087-cp55410 sshd[17912]: Connection reset by authenticating user root 45.61.186.217 port 49501 [preauth]
Jan 17 19:19:46 756087-cp55410 sshd[17912]: PAM 4 more authentication failures; logname= uid=0 euid=0 tty=ssh ruser= rhost=45.61.186.217  user=root
Jan 17 19:19:46 756087-cp55410 sshd[17912]: PAM service(sshd) ignoring max retries; 5 > 3
Jan 17 19:19:47 756087-cp55410 sshd[17923]: pam_unix(sshd:auth): authentication failure; logname= uid=0 euid=0 tty=ssh ruser= rhost=45.61.186.217  user=root
Jan 17 19:19:49 756087-cp55410 sshd[17923]: Failed password for root from 45.61.186.217 port 52075 ssh2
Jan 17 19:19:56 756087-cp55410 sshd[17923]: message repeated 3 times: [ Failed password for root from 45.61.186.217 port 52075 ssh2]
Jan 17 19:19:56 756087-cp55410 sshd[17928]: Invalid user admin from 116.105.166.62 port 53042
Jan 17 19:19:56 756087-cp55410 sshd[17928]: pam_unix(sshd:auth): check pass; user unknown
Jan 17 19:19:56 756087-cp55410 sshd[17928]: pam_unix(sshd:auth): authentication failure; logname= uid=0 euid=0 tty=ssh ruser= rhost=116.105.166.62
Jan 17 19:19:58 756087-cp55410 sshd[17923]: Failed password for root from 45.61.186.217 port 52075 ssh2
Jan 17 19:19:58 756087-cp55410 sshd[17923]: Connection reset by authenticating user root 45.61.186.217 port 52075 [preauth]
Jan 17 19:19:58 756087-cp55410 sshd[17923]: PAM 4 more authentication failures; logname= uid=0 euid=0 tty=ssh ruser= rhost=45.61.186.217  user=root
Jan 17 19:19:58 756087-cp55410 sshd[17923]: PAM service(sshd) ignoring max retries; 5 > 3
Jan 17 19:19:58 756087-cp55410 sshd[17928]: Failed password for invalid user admin from 116.105.166.62 port 53042 ssh2
Jan 17 19:19:58 756087-cp55410 sshd[17928]: Connection closed by invalid user admin 116.105.166.62 port 53042 [preauth]
Jan 17 19:19:59 756087-cp55410 sshd[17933]: pam_unix(sshd:auth): authentication failure; logname= uid=0 euid=0 tty=ssh ruser= rhost=45.61.186.217  user=root
Jan 17 19:20:01 756087-cp55410 sshd[17933]: Failed password for root from 45.61.186.217 port 54510 ssh2
Jan 17 19:20:11 756087-cp55410 sshd[17933]: message repeated 4 times: [ Failed password for root from 45.61.186.217 port 54510 ssh2]
Jan 17 19:20:11 756087-cp55410 sshd[17933]: Connection reset by authenticating user root 45.61.186.217 port 54510 [preauth]
Jan 17 19:20:11 756087-cp55410 sshd[17933]: PAM 4 more authentication failures; logname= uid=0 euid=0 tty=ssh ruser= rhost=45.61.186.217  user=root
Jan 17 19:20:11 756087-cp55410 sshd[17933]: PAM service(sshd) ignoring max retries; 5 > 3
Jan 17 19:20:12 756087-cp55410 sshd[17942]: pam_unix(sshd:auth): authentication failure; logname= uid=0 euid=0 tty=ssh ruser= rhost=45.61.186.217  user=root
Jan 17 19:20:15 756087-cp55410 sshd[17942]: Failed password for root from 45.61.186.217 port 56958 ssh2
Jan 17 19:20:24 756087-cp55410 sshd[17942]: message repeated 4 times: [ Failed password for root from 45.61.186.217 port 56958 ssh2]
Jan 17 19:20:24 756087-cp55410 sshd[17942]: Connection reset by authenticating user root 45.61.186.217 port 56958 [preauth]
Jan 17 19:20:24 756087-cp55410 sshd[17942]: PAM 4 more authentication failures; logname= uid=0 euid=0 tty=ssh ruser= rhost=45.61.186.217  user=root
Jan 17 19:20:24 756087-cp55410 sshd[17942]: PAM service(sshd) ignoring max retries; 5 > 3
